// Jest Snapshot v1, https://goo.gl/fbAQLP

exports[`tests to see if Create renders properly 1`] = `
Array [
  <button
    aria-label={null}
    className="btn btn-success btn-lg disabled"
    disabled={true}
    onClick={[Function]}
    type="button"
  >
    Create a ticket
  </button>,
  <div />,
]
`;

exports[`tests to see if Filter renders properly 1`] = `
Array [
  <p>
    Filter
  </p>,
  <form
    className=""
  >
    <div
      className="form-group"
    >
      <label
        className=""
        htmlFor="exampleCheckbox"
      >
        Author
      </label>
      <div>
        <input
          className="form-control"
          id="author"
          name="author"
          onChange={[Function]}
          placeholder="Filter by author"
          type="text"
        />
      </div>
    </div>
    <div
      className="form-group"
    >
      <label
        className=""
        htmlFor="exampleCheckbox"
      >
        Urgency
      </label>
      <div>
        <div
          className="custom-checkbox custom-control"
          hidden={false}
        >
          <input
            checked={true}
            className="custom-control-input"
            id="CustomCheckbox8"
            onClick={[Function]}
            type="checkbox"
            value="1"
          />
          <label
            className="custom-control-label"
            htmlFor="CustomCheckbox8"
          >
            Most urgent
          </label>
        </div>
        <div
          className="custom-checkbox custom-control"
          hidden={false}
        >
          <input
            checked={true}
            className="custom-control-input"
            id="CustomCheckbox9"
            onClick={[Function]}
            type="checkbox"
            value="2"
          />
          <label
            className="custom-control-label"
            htmlFor="CustomCheckbox9"
          >
            Very urgent
          </label>
        </div>
        <div
          className="custom-checkbox custom-control"
          hidden={false}
        >
          <input
            checked={true}
            className="custom-control-input"
            id="CustomCheckbox10"
            onClick={[Function]}
            type="checkbox"
            value="3"
          />
          <label
            className="custom-control-label"
            htmlFor="CustomCheckbox10"
          >
            Slightly urgent
          </label>
        </div>
        <div
          className="custom-checkbox custom-control"
          hidden={false}
        >
          <input
            checked={true}
            className="custom-control-input"
            id="CustomCheckbox11"
            onClick={[Function]}
            type="checkbox"
            value="4"
          />
          <label
            className="custom-control-label"
            htmlFor="CustomCheckbox11"
          >
            Less urgent
          </label>
        </div>
        <div
          className="custom-checkbox custom-control"
          hidden={false}
        >
          <input
            checked={true}
            className="custom-control-input"
            id="CustomCheckbox12"
            onClick={[Function]}
            type="checkbox"
            value="5"
          />
          <label
            className="custom-control-label"
            htmlFor="CustomCheckbox12"
          >
            Least urgent
          </label>
        </div>
      </div>
    </div>
    <div
      className="form-group"
    >
      <label
        className=""
        htmlFor="exampleCheckbox"
      >
        Topic
      </label>
      <div>
        <div
          className="custom-checkbox custom-control"
          hidden={false}
        >
          <input
            checked={true}
            className="custom-control-input"
            id="CustomCheckbox13"
            onClick={[Function]}
            type="checkbox"
            value="Dev Ops"
          />
          <label
            className="custom-control-label"
            htmlFor="CustomCheckbox13"
          >
            Dev Ops
          </label>
        </div>
        <div
          className="custom-checkbox custom-control"
          hidden={false}
        >
          <input
            checked={true}
            className="custom-control-input"
            id="CustomCheckbox14"
            onClick={[Function]}
            type="checkbox"
            value="General"
          />
          <label
            className="custom-control-label"
            htmlFor="CustomCheckbox14"
          >
            General
          </label>
        </div>
        <div
          className="custom-checkbox custom-control"
          hidden={false}
        >
          <input
            checked={true}
            className="custom-control-input"
            id="CustomCheckbox15"
            onClick={[Function]}
            type="checkbox"
            value="Back-end"
          />
          <label
            className="custom-control-label"
            htmlFor="CustomCheckbox15"
          >
            Back-end
          </label>
        </div>
        <div
          className="custom-checkbox custom-control"
          hidden={false}
        >
          <input
            checked={true}
            className="custom-control-input"
            id="CustomCheckbox16"
            onClick={[Function]}
            type="checkbox"
            value="Front-end"
          />
          <label
            className="custom-control-label"
            htmlFor="CustomCheckbox16"
          >
            Front-end
          </label>
        </div>
        <div
          className="custom-checkbox custom-control"
          hidden={false}
        >
          <input
            checked={true}
            className="custom-control-input"
            id="CustomCheckbox17"
            onClick={[Function]}
            type="checkbox"
            value="Software"
          />
          <label
            className="custom-control-label"
            htmlFor="CustomCheckbox17"
          >
            Software
          </label>
        </div>
      </div>
    </div>
  </form>,
]
`;

exports[`tests to see if Queue renders properly 1`] = `
Array [
  <div
    className="queue_div"
  >
    <p
      class="ticket_title"
      id="pending_title"
    >
      Pending Tickets
    </p>
  </div>,
  <div
    className="queue_div"
  >
    <p
      class="ticket_title"
      id="completed_title"
    >
      Completed Tickets
    </p>
  </div>,
]
`;

exports[`tests to see if Sort renders properly 1`] = `
<form
  className=""
>
  <div
    className="form-group"
  >
    <label
      className=""
      htmlFor="exampleCheckbox"
    >
      Search here
    </label>
    <div>
      <input
        className="form-control"
        id="keyword"
        name="keyword"
        onChange={[Function]}
        placeholder="Keyword search"
        type="text"
      />
    </div>
  </div>
</form>
`;

exports[`tests to see if Toggle renders properly 1`] = `
<button
  aria-label={null}
  className="btn btn-primary"
  onClick={[Function]}
  type="button"
>
  <svg
    className="traineeBtn"
    fill="currentColor"
    height="1em"
    stroke="currentColor"
    strokeWidth="0"
    style={
      Object {
        "color": undefined,
      }
    }
    viewBox="0 0 16 16"
    width="1em"
    xmlns="http://www.w3.org/2000/svg"
  >
    <path
      clipRule="evenodd"
      d="M5 3a5 5 0 000 10h6a5 5 0 000-10H5zm6 9a4 4 0 100-8 4 4 0 000 8z"
      fillRule="evenodd"
    />
  </svg>
   Use trainee mode
</button>
`;
